// Jest Snapshot v1, https://goo.gl/fbAQLP

exports[`test render snapshot 1`] = `
<RCTSafeAreaView
  style={
    {
      "backgroundColor": "green",
      "flex": 1,
    }
  }
>
  <Text>
    ho
  </Text>
</RCTSafeAreaView>
`;
